{"type":"newline","line":2,"col":1}
{"type":"code","line":2,"col":1,"val":"if (true)","escape":false,"buffer":false}
{"type":"indent","line":3,"col":1,"val":"2"}
{"type":"tag","line":3,"col":3,"val":"p","selfClosing":false}
{"type":"text","line":3,"col":5,"val":"foo"}
{"type":"outdent","line":4,"col":1}
{"type":"code","line":4,"col":1,"val":"else","escape":false,"buffer":false}
{"type":"indent","line":5,"col":1,"val":"2"}
{"type":"tag","line":5,"col":3,"val":"p","selfClosing":false}
{"type":"text","line":5,"col":5,"val":"bar"}
{"type":"outdent","line":7,"col":1}
{"type":"code","line":7,"col":1,"val":"if (true) {","escape":false,"buffer":false}
{"type":"indent","line":8,"col":1,"val":"2"}
{"type":"tag","line":8,"col":3,"val":"p","selfClosing":false}
{"type":"text","line":8,"col":5,"val":"foo"}
{"type":"outdent","line":9,"col":1}
{"type":"code","line":9,"col":1,"val":"} else {","escape":false,"buffer":false}
{"type":"indent","line":10,"col":1,"val":"2"}
{"type":"tag","line":10,"col":3,"val":"p","selfClosing":false}
{"type":"text","line":10,"col":5,"val":"bar"}
{"type":"outdent","line":11,"col":1}
{"type":"code","line":11,"col":1,"val":"}","escape":false,"buffer":false}
{"type":"newline","line":13,"col":1}
{"type":"if","line":13,"col":1,"val":"true"}
{"type":"indent","line":14,"col":1,"val":"2"}
{"type":"tag","line":14,"col":3,"val":"p","selfClosing":false}
{"type":"text","line":14,"col":5,"val":"foo"}
{"type":"newline","line":15,"col":1}
{"type":"tag","line":15,"col":3,"val":"p","selfClosing":false}
{"type":"text","line":15,"col":5,"val":"bar"}
{"type":"newline","line":16,"col":1}
{"type":"tag","line":16,"col":3,"val":"p","selfClosing":false}
{"type":"text","line":16,"col":5,"val":"baz"}
{"type":"outdent","line":17,"col":1}
{"type":"else","line":17,"col":1}
{"type":"indent","line":18,"col":1,"val":"2"}
{"type":"tag","line":18,"col":3,"val":"p","selfClosing":false}
{"type":"text","line":18,"col":5,"val":"bar"}
{"type":"outdent","line":20,"col":1}
{"type":"if","line":20,"col":1,"val":"!(true)"}
{"type":"indent","line":21,"col":1,"val":"2"}
{"type":"tag","line":21,"col":3,"val":"p","selfClosing":false}
{"type":"text","line":21,"col":5,"val":"foo"}
{"type":"outdent","line":22,"col":1}
{"type":"else","line":22,"col":1}
{"type":"indent","line":23,"col":1,"val":"2"}
{"type":"tag","line":23,"col":3,"val":"p","selfClosing":false}
{"type":"text","line":23,"col":5,"val":"bar"}
{"type":"outdent","line":25,"col":1}
{"type":"if","line":25,"col":1,"val":"'nested'"}
{"type":"indent","line":26,"col":1,"val":"2"}
{"type":"if","line":26,"col":3,"val":"'works'"}
{"type":"indent","line":27,"col":1,"val":"4"}
{"type":"tag","line":27,"col":5,"val":"p","selfClosing":false}
{"type":"text","line":27,"col":7,"val":"yay"}
{"type":"outdent","line":29,"col":1}
{"type":"outdent","line":29,"col":1}
{"type":"comment","line":29,"col":1,"val":" allow empty blocks"}
{"type":"newline","line":30,"col":1}
{"type":"if","line":30,"col":1,"val":"false"}
{"type":"newline","line":31,"col":1}
{"type":"else","line":31,"col":1}
{"type":"indent","line":32,"col":1,"val":"2"}
{"type":"class","line":32,"col":3,"val":"bar"}
{"type":"outdent","line":33,"col":1}
{"type":"if","line":33,"col":1,"val":"true"}
{"type":"indent","line":34,"col":1,"val":"2"}
{"type":"class","line":34,"col":3,"val":"bar"}
{"type":"outdent","line":35,"col":1}
{"type":"else","line":35,"col":1}
{"type":"newline","line":36,"col":1}
{"type":"class","line":36,"col":1,"val":"bing"}
{"type":"eos","line":36,"col":6}
