{"type":"tag","line":1,"col":1,"val":"p","selfClosing":false}
{"type":"text","line":1,"col":3,"val":"before "}
{"type":"start-jade-interpolation","line":1,"col":10}
{"type":"filter","line":1,"col":12,"val":"cdata"}
{"type":"text","line":1,"col":19,"val":"inside"}
{"type":"end-jade-interpolation","line":1,"col":1}
{"type":"text","line":1,"col":2,"val":" after"}
{"type":"eos","line":1,"col":8}
