{"type":"newline","line":2,"col":1}
{"type":"mixin","line":2,"col":1,"val":"article","args":"name"}
{"type":"indent","line":3,"col":1,"val":"2"}
{"type":"tag","line":3,"col":3,"val":"section","selfClosing":false}
{"type":"class","line":3,"col":10,"val":"article"}
{"type":"indent","line":4,"col":1,"val":"4"}
{"type":"tag","line":4,"col":5,"val":"h1","selfClosing":false}
{"type":"code","line":4,"col":7,"val":"name","escape":true,"buffer":true}
{"type":"newline","line":5,"col":1}
{"type":"mixin-block","line":5,"col":5}
{"type":"outdent","line":7,"col":1}
{"type":"outdent","line":7,"col":1}
{"type":"tag","line":7,"col":1,"val":"html","selfClosing":false}
{"type":"indent","line":8,"col":1,"val":"2"}
{"type":"tag","line":8,"col":3,"val":"body","selfClosing":false}
{"type":"indent","line":9,"col":1,"val":"4"}
{"type":"call","line":9,"col":5,"val":"article","args":"'Foo'"}
{"type":":","line":9,"col":19}
{"type":"tag","line":9,"col":21,"val":"p","selfClosing":false}
{"type":"text","line":9,"col":23,"val":"I'm article foo"}
{"type":"outdent","line":11,"col":1}
{"type":"outdent","line":11,"col":1}
{"type":"mixin","line":11,"col":1,"val":"article","args":"name"}
{"type":"indent","line":12,"col":1,"val":"2"}
{"type":"tag","line":12,"col":3,"val":"section","selfClosing":false}
{"type":"class","line":12,"col":10,"val":"article"}
{"type":"indent","line":13,"col":1,"val":"4"}
{"type":"tag","line":13,"col":5,"val":"h1","selfClosing":false}
{"type":"code","line":13,"col":7,"val":"name","escape":true,"buffer":true}
{"type":"newline","line":14,"col":1}
{"type":"tag","line":14,"col":5,"val":"p","selfClosing":false}
{"type":"indent","line":15,"col":1,"val":"6"}
{"type":"mixin-block","line":15,"col":7}
{"type":"outdent","line":17,"col":1}
{"type":"outdent","line":17,"col":1}
{"type":"outdent","line":17,"col":1}
{"type":"tag","line":17,"col":1,"val":"html","selfClosing":false}
{"type":"indent","line":18,"col":1,"val":"2"}
{"type":"tag","line":18,"col":3,"val":"body","selfClosing":false}
{"type":"indent","line":19,"col":1,"val":"4"}
{"type":"call","line":19,"col":5,"val":"article","args":"'Something'"}
{"type":"dot","line":19,"col":25}
{"type":"start-pipeless-text","line":19,"col":26}
{"type":"text","line":20,"col":7,"val":"I'm a much longer"}
{"type":"newline","line":21,"col":1}
{"type":"text","line":21,"col":7,"val":"text-only article,"}
{"type":"newline","line":22,"col":1}
{"type":"text","line":22,"col":7,"val":"but you can still"}
{"type":"newline","line":23,"col":1}
{"type":"text","line":23,"col":7,"val":"inline html tags"}
{"type":"newline","line":24,"col":1}
{"type":"text","line":24,"col":7,"val":"in me if you want."}
{"type":"end-pipeless-text","line":24,"col":25}
{"type":"outdent","line":24,"col":25}
{"type":"outdent","line":24,"col":25}
{"type":"eos","line":24,"col":25}
